core_cm7.h:2229:22:SCB_EnableICache	4	static,ignoring_inline_asm
core_cm7.h:2281:22:SCB_EnableDCache	24	static,ignoring_inline_asm
main.c:100:5:main	8	static
main.c:191:6:SystemClock_Config	232	static
main.c:249:13:MX_USART3_UART_Init	8	static
main.c:284:13:MX_USB_OTG_FS_PCD_Init	8	static
main.c:319:13:MX_GPIO_Init	56	static
main.c:377:6:StartDefaultTask	64	static
main.c:460:6:StartTask02	40	static
main.c:493:6:HAL_TIM_PeriodElapsedCallback	16	static
main.c:510:6:Error_Handler	4	static,ignoring_inline_asm
