core_cm7.h:2229:22:SCB_EnableICache	4	static,ignoring_inline_asm
core_cm7.h:2281:22:SCB_EnableDCache	24	static,ignoring_inline_asm
main.c:120:5:main	8	static
main.c:208:6:SystemClock_Config	232	static
main.c:266:13:MX_USART3_UART_Init	8	static
main.c:301:13:MX_USB_OTG_FS_PCD_Init	8	static
main.c:336:13:MX_GPIO_Init	56	static
main.c:383:6:TaskStringOut	96	static
main.c:400:13:tcp_thread	120	static
main.c:470:6:StartDefaultTask	24	static
main.c:515:6:HAL_TIM_PeriodElapsedCallback	16	static
main.c:532:6:Error_Handler	4	static,ignoring_inline_asm
